
> frontend@0.0.0 build
> tsc && vite build

src/App.tsx(4,1): error TS6133: 'COLORS' is declared but its value is never read.
src/components/common/ChartCard.tsx(17,20): error TS6133: 'Button' is declared but its value is never read.
src/components/DevHelper.tsx(76,32): error TS2339: Property 'cardHover' does not exist on type '{ readonly sm: "0 1px 2px rgba(0, 0, 0, 0.05)"; readonly md: "0 4px 6px rgba(0, 0, 0, 0.1)"; readonly lg: "0 10px 15px rgba(0, 0, 0, 0.1)"; }'.
src/components/DevHelper.tsx(122,32): error TS2339: Property 'cardHover' does not exist on type '{ readonly sm: "0 1px 2px rgba(0, 0, 0, 0.05)"; readonly md: "0 4px 6px rgba(0, 0, 0, 0.1)"; readonly lg: "0 10px 15px rgba(0, 0, 0, 0.1)"; }'.
src/components/DevHelper.tsx(130,55): error TS2339: Property 'cardHover' does not exist on type '{ readonly sm: "0 1px 2px rgba(0, 0, 0, 0.05)"; readonly md: "0 4px 6px rgba(0, 0, 0, 0.1)"; readonly lg: "0 10px 15px rgba(0, 0, 0, 0.1)"; }'.
src/components/DevHelper.tsx(134,55): error TS2339: Property 'card' does not exist on type '{ readonly sm: "0 1px 2px rgba(0, 0, 0, 0.05)"; readonly md: "0 4px 6px rgba(0, 0, 0, 0.1)"; readonly lg: "0 10px 15px rgba(0, 0, 0, 0.1)"; }'.
src/components/EmptyState.tsx(179,34): error TS2339: Property 'card' does not exist on type '{ readonly sm: "0 1px 2px rgba(0, 0, 0, 0.05)"; readonly md: "0 4px 6px rgba(0, 0, 0, 0.1)"; readonly lg: "0 10px 15px rgba(0, 0, 0, 0.1)"; }'.
src/components/EmptyState.tsx(187,57): error TS2339: Property 'cardHover' does not exist on type '{ readonly sm: "0 1px 2px rgba(0, 0, 0, 0.05)"; readonly md: "0 4px 6px rgba(0, 0, 0, 0.1)"; readonly lg: "0 10px 15px rgba(0, 0, 0, 0.1)"; }'.
src/components/EmptyState.tsx(191,57): error TS2339: Property 'card' does not exist on type '{ readonly sm: "0 1px 2px rgba(0, 0, 0, 0.05)"; readonly md: "0 4px 6px rgba(0, 0, 0, 0.1)"; readonly lg: "0 10px 15px rgba(0, 0, 0, 0.1)"; }'.
src/components/ErrorBoundary.tsx(165,27): error TS2339: Property 'headingMedium' does not exist on type '{ readonly heading1: { readonly fontSize: "32px"; readonly fontWeight: 700; readonly lineHeight: "40px"; readonly letterSpacing: "-0.02em"; }; readonly heading2: { readonly fontSize: "24px"; readonly fontWeight: 600; readonly lineHeight: "32px"; readonly letterSpacing: "-0.01em"; }; readonly body: { ...; }; readonly...'.
src/components/ErrorBoundary.tsx(215,34): error TS2339: Property 'card' does not exist on type '{ readonly sm: "0 1px 2px rgba(0, 0, 0, 0.05)"; readonly md: "0 4px 6px rgba(0, 0, 0, 0.1)"; readonly lg: "0 10px 15px rgba(0, 0, 0, 0.1)"; }'.
src/components/ErrorBoundary.tsx(223,57): error TS2339: Property 'cardHover' does not exist on type '{ readonly sm: "0 1px 2px rgba(0, 0, 0, 0.05)"; readonly md: "0 4px 6px rgba(0, 0, 0, 0.1)"; readonly lg: "0 10px 15px rgba(0, 0, 0, 0.1)"; }'.
src/components/ErrorBoundary.tsx(227,57): error TS2339: Property 'card' does not exist on type '{ readonly sm: "0 1px 2px rgba(0, 0, 0, 0.05)"; readonly md: "0 4px 6px rgba(0, 0, 0, 0.1)"; readonly lg: "0 10px 15px rgba(0, 0, 0, 0.1)"; }'.
src/components/Layout/AppLayout.tsx(27,27): error TS6133: 'BORDER_RADIUS' is declared but its value is never read.
src/components/Layout/AppLayout.tsx(27,42): error TS6133: 'SHADOWS' is declared but its value is never read.
src/components/Layout/AppLayout.tsx(27,51): error TS6133: 'TYPOGRAPHY' is declared but its value is never read.
src/components/PerformanceTable.tsx(70,9): error TS6133: 'renderTrend' is declared but its value is never read.
src/components/TopBar.tsx(9,51): error TS6133: 'TYPOGRAPHY' is declared but its value is never read.
src/components/TopBar.tsx(21,42): error TS2503: Cannot find namespace 'NodeJS'.
src/components/TopBar.tsx(248,28): error TS2339: Property 'card' does not exist on type '{ readonly sm: "0 1px 2px rgba(0, 0, 0, 0.05)"; readonly md: "0 4px 6px rgba(0, 0, 0, 0.1)"; readonly lg: "0 10px 15px rgba(0, 0, 0, 0.1)"; }'.
src/components/TopBar.tsx(330,32): error TS2339: Property 'cardHover' does not exist on type '{ readonly sm: "0 1px 2px rgba(0, 0, 0, 0.05)"; readonly md: "0 4px 6px rgba(0, 0, 0, 0.1)"; readonly lg: "0 10px 15px rgba(0, 0, 0, 0.1)"; }'.
src/components/UploadWizard.tsx(24,7): error TS6133: 'Step' is declared but its value is never read.
src/components/UploadWizard.tsx(82,28): error TS2339: Property 'card' does not exist on type '{ readonly sm: "0 1px 2px rgba(0, 0, 0, 0.05)"; readonly md: "0 4px 6px rgba(0, 0, 0, 0.1)"; readonly lg: "0 10px 15px rgba(0, 0, 0, 0.1)"; }'.
src/components/UploadWizard.tsx(92,33): error TS6133: 'index' is declared but its value is never read.
src/components/WelcomeScreen.tsx(99,32): error TS2339: Property 'cardHover' does not exist on type '{ readonly sm: "0 1px 2px rgba(0, 0, 0, 0.05)"; readonly md: "0 4px 6px rgba(0, 0, 0, 0.1)"; readonly lg: "0 10px 15px rgba(0, 0, 0, 0.1)"; }'.
src/components/WelcomeScreen.tsx(142,27): error TS2339: Property 'headingLarge' does not exist on type '{ readonly heading1: { readonly fontSize: "32px"; readonly fontWeight: 700; readonly lineHeight: "40px"; readonly letterSpacing: "-0.02em"; }; readonly heading2: { readonly fontSize: "24px"; readonly fontWeight: 600; readonly lineHeight: "32px"; readonly letterSpacing: "-0.01em"; }; readonly body: { ...; }; readonly...'.
src/pages/AIAnalyst.tsx(46,3): error TS6133: 'SHADOWS' is declared but its value is never read.
src/pages/AIAnalyst.tsx(124,10): error TS6133: 'hasOpenAIKey' is declared but its value is never read.
src/pages/AIAnalyst.tsx(125,10): error TS6133: 'hasAnthropicKey' is declared but its value is never read.
src/pages/AIAnalyst.tsx(136,29): error TS2503: Cannot find namespace 'NodeJS'.
src/pages/AIAnalyst.tsx(137,33): error TS2503: Cannot find namespace 'NodeJS'.
src/pages/AIAnalyst.tsx(458,9): error TS2322: Type 'boolean | "" | undefined' is not assignable to type 'boolean | undefined'.
  Type '""' is not assignable to type 'boolean | undefined'.
src/pages/AIAnalyst.tsx(495,20): error TS18048: 'error.response.status' is possibly 'undefined'.
src/pages/AIAnalyst.tsx(497,20): error TS18048: 'error.response.status' is possibly 'undefined'.
src/pages/AIAnalyst.tsx(497,53): error TS18048: 'error.response.status' is possibly 'undefined'.
src/pages/AIAnalyst.tsx(1279,38): error TS2339: Property 'disabled' does not exist on type 'EventTarget & HTMLElement'.
src/pages/AIAnalyst.tsx(1285,38): error TS2339: Property 'disabled' does not exist on type 'EventTarget & HTMLElement'.
src/pages/DataManagement.tsx(9,76): error TS6133: 'Tooltip' is declared but its value is never read.
src/pages/DataManagement.tsx(28,3): error TS6133: 'downloadTransactionsCSV' is declared but its value is never read.
src/pages/DataManagement.tsx(33,34): error TS6133: 'SHADOWS' is declared but its value is never read.
src/pages/Settings.tsx(188,30): error TS2339: Property 'card' does not exist on type '{ readonly sm: "0 1px 2px rgba(0, 0, 0, 0.05)"; readonly md: "0 4px 6px rgba(0, 0, 0, 0.1)"; readonly lg: "0 10px 15px rgba(0, 0, 0, 0.1)"; }'.
src/pages/Settings.tsx(285,30): error TS2339: Property 'card' does not exist on type '{ readonly sm: "0 1px 2px rgba(0, 0, 0, 0.05)"; readonly md: "0 4px 6px rgba(0, 0, 0, 0.1)"; readonly lg: "0 10px 15px rgba(0, 0, 0, 0.1)"; }'.
src/pages/Workspace.tsx(2,17): error TS6133: 'Card' is declared but its value is never read.
src/styles/design-tokens.ts(207,5): error TS2561: Object literal may only specify known properties, but 'paddingXXL' does not exist in type 'Partial<AliasToken>'. Did you mean to write 'paddingXL'?
